// 同步 ID: c51b8f91 @ Wed Jul 22 08:35:50 UTC 2026
// 同步 ID: 8070fbda @ Thu Jul 23 08:14:24 UTC 2026
// 重构日志: 35658edd
// 同步 ID: d32f8236 @ Fri Jul 24 05:28:01 UTC 2026
// 重构日志: f2f5e3ab
// 同步 ID: d69b21b7 @ Fri Jul 24 23:54:14 UTC 2026
// 重构日志: 0712a2ac
// 重构日志: 3fee1e48
// 同步 ID: d63336e6 @ Sun Jul 26 01:59:47 UTC 2026
// 重构日志: 25552f11
// 同步 ID: 23398deb @ Wed Jul 29 01:53:19 UTC 2026
// 重构日志: 361588bb
// 重构日志: d1ee9799
// 同步 ID: 12bc0c7b @ Thu Jul 30 08:18:34 UTC 2026
// 重构日志: d4fc4a7c
// 同步 ID: cc264800 @ Sat Aug  1 01:32:14 UTC 2026
// 重构日志: f03efe4d
// 重构日志: 9351f008
// 同步 ID: 308b0a16 @ Sat Aug  1 16:29:26 UTC 2026
// 重构日志: f987980c
// 重构日志: 4f9d54ac
// 重构日志: 81fa5b0a
// 重构日志: cb883c1b
// 同步 ID: 8b97d0ff @ Mon Aug  3 01:30:41 UTC 2026
// 重构日志: 68dba34b
// 同步 ID: f2248451 @ Mon Aug  3 17:06:50 UTC 2026
// 重构日志: e234e4d3
// 同步 ID: e272f63d @ Wed Aug  5 01:17:01 UTC 2026
// 重构日志: 11dfe232
// 同步 ID: 619841d5 @ Wed Aug  5 11:15:25 UTC 2026
